exports[`test render ServiceDetailAlert 1`] = `
<div
  className="service-detail-alert">
  <h4>
    <a
      href="https://frinkiac.com/episode/S07E02/1108189"
      rel="external">
      The decline in spirograph and the rise in gang activity
    </a>
  </h4>
  <div
    className="service-detail-alert-data-wrapper">
    <dl
      className="service-detail-alert-data-list">
      <dt>
        Resolved
      </dt>
      <dd>
        <span
          className="label label-danger">
          no
        </span>
      </dd>
      <dt>
        Severity
      </dt>
      <dd>
        <span
          className="label label-warning">
          high
        </span>
      </dd>
      <dt>
        Occurred
      </dt>
      <dd>
        January 5, 2017 17:20:12
      </dd>
      <dt>
        Logged
      </dt>
      <dd>
        January 5, 2017 17:23:45
      </dd>
    </dl>
    <div
      className="service-detail-alert-graph-wrapper">
      <iframe
        className="service-detail-alert-graph"
        src="https://frinkiac.com/img/S07E02/1108189.jpg" />
    </div>
  </div>
</div>
`;
